Epoch 1/5
 1/31 [..............................] - ETA: 3s - loss: 0.3317 - mae: 7.705831/31 [==============================] - 0s 4ms/step - loss: 0.2958 - mae: 6.7865 - val_loss: 0.2865 - val_mae: 6.8611
Epoch 2/5
 1/31 [..............................] - ETA: 0s - loss: 0.2539 - mae: 6.047231/31 [==============================] - 0s 684us/step - loss: 0.2556 - mae: 5.9534 - val_loss: 0.2504 - val_mae: 5.9803
Epoch 3/5
 1/31 [..............................] - ETA: 0s - loss: 0.2375 - mae: 5.700831/31 [==============================] - 0s 657us/step - loss: 0.2185 - mae: 5.0502 - val_loss: 0.2106 - val_mae: 4.9406
Epoch 4/5
 1/31 [..............................] - ETA: 0s - loss: 0.2090 - mae: 4.722831/31 [==============================] - 0s 610us/step - loss: 0.1763 - mae: 3.9321 - val_loss: 0.1602 - val_mae: 3.5651
Epoch 5/5
 1/31 [..............................] - ETA: 0s - loss: 0.1339 - mae: 2.892731/31 [==============================] - 0s 620us/step - loss: 0.1251 - mae: 2.5564 - val_loss: 0.1078 - val_mae: 2.1016
1/9 [==>...........................] - ETA: 0s - loss: 0.0964 - mae: 1.79639/9 [==============================] - 0s 387us/step - loss: 0.1057 - mae: 2.0582
Mean Absolute Error on Test Set: 2.0582337379455566
1/9 [==>...........................] - ETA: 0s9/9 [==============================] - 0s 272us/step
 1/39 [..............................] - ETA: 0s39/39 [==============================] - 0s 222us/step
The testing err = 1.6510826685260143
