Epoch 1/5
 1/31 [..............................] - ETA: 3s - loss: 0.1851 - mae: 2.396231/31 [==============================] - 0s 4ms/step - loss: 0.2994 - mae: 5.4467 - val_loss: 0.2726 - val_mae: 5.2624
Epoch 2/5
 1/31 [..............................] - ETA: 0s - loss: 0.3308 - mae: 6.708231/31 [==============================] - 0s 699us/step - loss: 0.2815 - mae: 5.2011 - val_loss: 0.2649 - val_mae: 5.1209
Epoch 3/5
 1/31 [..............................] - ETA: 0s - loss: 0.4157 - mae: 6.134131/31 [==============================] - 0s 649us/step - loss: 0.2725 - mae: 5.0560 - val_loss: 0.2580 - val_mae: 5.0065
Epoch 4/5
 1/31 [..............................] - ETA: 0s - loss: 0.2423 - mae: 4.649631/31 [==============================] - 0s 609us/step - loss: 0.2653 - mae: 4.9420 - val_loss: 0.2520 - val_mae: 4.9069
Epoch 5/5
 1/31 [..............................] - ETA: 0s - loss: 0.1216 - mae: 2.063331/31 [==============================] - 0s 604us/step - loss: 0.2582 - mae: 4.8152 - val_loss: 0.2452 - val_mae: 4.7743
1/9 [==>...........................] - ETA: 0s - loss: 0.2698 - mae: 5.68509/9 [==============================] - 0s 315us/step - loss: 0.2561 - mae: 5.0026
Mean Absolute Error on Test Set: 5.00255012512207
1/9 [==>...........................] - ETA: 0s9/9 [==============================] - 0s 249us/step
 1/39 [..............................] - ETA: 0s39/39 [==============================] - 0s 216us/step
The testing err = 0.2533381511124804
