Epoch 1/5
 1/31 [..............................] - ETA: 3s - loss: 0.2685 - mae: 4.356231/31 [==============================] - 0s 4ms/step - loss: 0.2931 - mae: 4.1685 - val_loss: 0.2135 - val_mae: 3.2310
Epoch 2/5
 1/31 [..............................] - ETA: 0s - loss: 0.3124 - mae: 4.477131/31 [==============================] - 0s 681us/step - loss: 0.2592 - mae: 3.7433 - val_loss: 0.1915 - val_mae: 2.9300
Epoch 3/5
 1/31 [..............................] - ETA: 0s - loss: 0.2078 - mae: 2.921231/31 [==============================] - 0s 653us/step - loss: 0.2382 - mae: 3.4443 - val_loss: 0.1748 - val_mae: 2.6791
Epoch 4/5
 1/31 [..............................] - ETA: 0s - loss: 0.2209 - mae: 2.962431/31 [==============================] - 0s 593us/step - loss: 0.2218 - mae: 3.1850 - val_loss: 0.1616 - val_mae: 2.4571
Epoch 5/5
 1/31 [..............................] - ETA: 0s - loss: 0.2264 - mae: 3.157031/31 [==============================] - 0s 602us/step - loss: 0.2055 - mae: 2.9297 - val_loss: 0.1531 - val_mae: 2.3001
1/9 [==>...........................] - ETA: 0s - loss: 0.1244 - mae: 1.98219/9 [==============================] - 0s 325us/step - loss: 0.2187 - mae: 3.1142
Mean Absolute Error on Test Set: 3.114184617996216
1/9 [==>...........................] - ETA: 0s9/9 [==============================] - 0s 254us/step
 1/39 [..............................] - ETA: 0s39/39 [==============================] - 0s 221us/step
The testing err = 2.714728713126716
