Epoch 1/5
 1/31 [..............................] - ETA: 3s - loss: 0.1027 - mae: 1.409531/31 [==============================] - 0s 4ms/step - loss: 0.1029 - mae: 1.8604 - val_loss: 0.0830 - val_mae: 1.3978
Epoch 2/5
 1/31 [..............................] - ETA: 0s - loss: 0.0674 - mae: 0.980831/31 [==============================] - 0s 703us/step - loss: 0.0902 - mae: 1.7231 - val_loss: 0.0775 - val_mae: 1.3321
Epoch 3/5
 1/31 [..............................] - ETA: 0s - loss: 0.1248 - mae: 2.974031/31 [==============================] - 0s 663us/step - loss: 0.0850 - mae: 1.6588 - val_loss: 0.0759 - val_mae: 1.3039
Epoch 4/5
 1/31 [..............................] - ETA: 0s - loss: 0.0893 - mae: 1.738131/31 [==============================] - 0s 613us/step - loss: 0.0821 - mae: 1.6168 - val_loss: 0.0726 - val_mae: 1.2534
Epoch 5/5
 1/31 [..............................] - ETA: 0s - loss: 0.0663 - mae: 1.337431/31 [==============================] - 0s 601us/step - loss: 0.0790 - mae: 1.5676 - val_loss: 0.0717 - val_mae: 1.2353
1/9 [==>...........................] - ETA: 0s - loss: 0.0401 - mae: 0.78049/9 [==============================] - 0s 296us/step - loss: 0.0773 - mae: 1.4058
Mean Absolute Error on Test Set: 1.4058358669281006
1/9 [==>...........................] - ETA: 0s9/9 [==============================] - 0s 245us/step
 1/39 [..............................] - ETA: 0s39/39 [==============================] - 0s 213us/step
The testing err = 2.1425936087358743
