Epoch 1/5
 1/31 [..............................] - ETA: 3s - loss: 0.4214 - mae: 9.199931/31 [==============================] - 0s 4ms/step - loss: 0.3247 - mae: 6.6029 - val_loss: 0.2630 - val_mae: 5.5681
Epoch 2/5
 1/31 [..............................] - ETA: 0s - loss: 0.3426 - mae: 8.327531/31 [==============================] - 0s 683us/step - loss: 0.2690 - mae: 5.7830 - val_loss: 0.2332 - val_mae: 5.0501
Epoch 3/5
 1/31 [..............................] - ETA: 0s - loss: 0.2043 - mae: 5.073031/31 [==============================] - 0s 630us/step - loss: 0.2492 - mae: 5.3563 - val_loss: 0.2175 - val_mae: 4.7124
Epoch 4/5
 1/31 [..............................] - ETA: 0s - loss: 0.2041 - mae: 4.436931/31 [==============================] - 0s 614us/step - loss: 0.2334 - mae: 4.9862 - val_loss: 0.2042 - val_mae: 4.3797
Epoch 5/5
 1/31 [..............................] - ETA: 0s - loss: 0.1928 - mae: 4.408431/31 [==============================] - 0s 603us/step - loss: 0.2192 - mae: 4.6254 - val_loss: 0.1935 - val_mae: 4.0915
1/9 [==>...........................] - ETA: 0s - loss: 0.1762 - mae: 3.27149/9 [==============================] - 0s 317us/step - loss: 0.2442 - mae: 4.8847
Mean Absolute Error on Test Set: 4.884732723236084
1/9 [==>...........................] - ETA: 0s9/9 [==============================] - 0s 240us/step
 1/39 [..............................] - ETA: 0s39/39 [==============================] - 0s 227us/step
The testing err = 0.34678059639627107
