Epoch 1/2
   1/1506 [..............................] - ETA: 3:32 - loss: 0.5112 - mae: 9.8959 167/1506 [==>...........................] - ETA: 0s - loss: 0.4035 - mae: 7.1432   346/1506 [=====>........................] - ETA: 0s - loss: 0.3499 - mae: 5.9849 525/1506 [=========>....................] - ETA: 0s - loss: 0.3240 - mae: 5.4357 704/1506 [=============>................] - ETA: 0s - loss: 0.3104 - mae: 5.1576 885/1506 [================>.............] - ETA: 0s - loss: 0.2991 - mae: 4.95621066/1506 [====================>.........] - ETA: 0s - loss: 0.2915 - mae: 4.82361247/1506 [=======================>......] - ETA: 0s - loss: 0.2844 - mae: 4.70611428/1506 [===========================>..] - ETA: 0s - loss: 0.2789 - mae: 4.61341506/1506 [==============================] - 1s 347us/step - loss: 0.2771 - mae: 4.5797 - val_loss: 0.2385 - val_mae: 3.9097
Epoch 2/2
   1/1506 [..............................] - ETA: 0s - loss: 0.2184 - mae: 3.1149 183/1506 [==>...........................] - ETA: 0s - loss: 0.2379 - mae: 3.8707 363/1506 [======>.......................] - ETA: 0s - loss: 0.2357 - mae: 3.8578 542/1506 [=========>....................] - ETA: 0s - loss: 0.2333 - mae: 3.8414 723/1506 [=============>................] - ETA: 0s - loss: 0.2307 - mae: 3.8109 904/1506 [=================>............] - ETA: 0s - loss: 0.2295 - mae: 3.79611087/1506 [====================>.........] - ETA: 0s - loss: 0.2286 - mae: 3.78301270/1506 [========================>.....] - ETA: 0s - loss: 0.2278 - mae: 3.77461453/1506 [===========================>..] - ETA: 0s - loss: 0.2270 - mae: 3.75731506/1506 [==============================] - 0s 305us/step - loss: 0.2266 - mae: 3.7534 - val_loss: 0.2201 - val_mae: 3.6531
  1/419 [..............................] - ETA: 3s - loss: 0.2140 - mae: 3.1833233/419 [===============>..............] - ETA: 0s - loss: 0.2251 - mae: 3.7643419/419 [==============================] - 0s 216us/step - loss: 0.2204 - mae: 3.6963
Mean Absolute Error on Test Set: 3.696333646774292
  1/419 [..............................] - ETA: 10s261/419 [=================>............] - ETA: 0s 419/419 [==============================] - 0s 192us/step
  1/180 [..............................] - ETA: 1s180/180 [==============================] - 0s 190us/step
The testing err = 0.8611195663421424
