Epoch 1/5
 1/31 [..............................] - ETA: 3s - loss: 6.5098 - mae: 28.972131/31 [==============================] - 0s 4ms/step - loss: 6.9999 - mae: 28.9208 - val_loss: 7.0394 - val_mae: 28.4830
Epoch 2/5
 1/31 [..............................] - ETA: 0s - loss: 5.3296 - mae: 22.594431/31 [==============================] - 0s 676us/step - loss: 6.6619 - mae: 27.6113 - val_loss: 6.6183 - val_mae: 26.9310
Epoch 3/5
 1/31 [..............................] - ETA: 0s - loss: 5.7969 - mae: 25.731631/31 [==============================] - 0s 624us/step - loss: 6.1858 - mae: 25.8349 - val_loss: 6.0148 - val_mae: 24.7382
Epoch 4/5
 1/31 [..............................] - ETA: 0s - loss: 5.8588 - mae: 23.250631/31 [==============================] - 0s 611us/step - loss: 5.5061 - mae: 23.3787 - val_loss: 5.1604 - val_mae: 21.7088
Epoch 5/5
 1/31 [..............................] - ETA: 0s - loss: 4.7286 - mae: 21.253531/31 [==============================] - 0s 604us/step - loss: 4.5861 - mae: 20.0812 - val_loss: 4.0633 - val_mae: 17.8509
1/9 [==>...........................] - ETA: 0s - loss: 3.6417 - mae: 15.87599/9 [==============================] - 0s 308us/step - loss: 3.8774 - mae: 17.0792
Mean Absolute Error on Test Set: 17.079233169555664
1/9 [==>...........................] - ETA: 0s9/9 [==============================] - 0s 244us/step
 1/39 [..............................] - ETA: 0s39/39 [==============================] - 0s 229us/step
The testing err = 4.4735870334701575
