Epoch 1/5
 1/31 [..............................] - ETA: 3s - loss: 0.2554 - mae: 4.915631/31 [==============================] - 0s 4ms/step - loss: 0.1977 - mae: 3.6579 - val_loss: 0.1422 - val_mae: 2.9482
Epoch 2/5
 1/31 [..............................] - ETA: 0s - loss: 0.1495 - mae: 3.030931/31 [==============================] - 0s 716us/step - loss: 0.1240 - mae: 2.7193 - val_loss: 0.1103 - val_mae: 2.5009
Epoch 3/5
 1/31 [..............................] - ETA: 0s - loss: 0.0760 - mae: 1.599431/31 [==============================] - 0s 661us/step - loss: 0.1060 - mae: 2.4332 - val_loss: 0.0965 - val_mae: 2.2690
Epoch 4/5
 1/31 [..............................] - ETA: 0s - loss: 0.1246 - mae: 2.989631/31 [==============================] - 0s 631us/step - loss: 0.0950 - mae: 2.2206 - val_loss: 0.0869 - val_mae: 2.0813
Epoch 5/5
 1/31 [..............................] - ETA: 0s - loss: 0.0835 - mae: 2.028031/31 [==============================] - 0s 621us/step - loss: 0.0863 - mae: 2.0368 - val_loss: 0.0796 - val_mae: 1.9097
1/9 [==>...........................] - ETA: 0s - loss: 0.0782 - mae: 1.99159/9 [==============================] - 0s 319us/step - loss: 0.0888 - mae: 2.1262
Mean Absolute Error on Test Set: 2.1262316703796387
1/9 [==>...........................] - ETA: 0s9/9 [==============================] - 0s 243us/step
 1/39 [..............................] - ETA: 0s39/39 [==============================] - 0s 248us/step
The testing err = 0.1969812340121508
