Epoch 1/5
 1/31 [..............................] - ETA: 3s - loss: 0.2750 - mae: 3.864931/31 [==============================] - 0s 4ms/step - loss: 0.2090 - mae: 2.9295 - val_loss: 0.1698 - val_mae: 2.3949
Epoch 2/5
 1/31 [..............................] - ETA: 0s - loss: 0.1946 - mae: 2.838531/31 [==============================] - 0s 704us/step - loss: 0.1363 - mae: 1.9161 - val_loss: 0.0963 - val_mae: 1.3146
Epoch 3/5
 1/31 [..............................] - ETA: 0s - loss: 0.0910 - mae: 1.210531/31 [==============================] - 0s 652us/step - loss: 0.0891 - mae: 1.2131 - val_loss: 0.0802 - val_mae: 1.0724
Epoch 4/5
 1/31 [..............................] - ETA: 0s - loss: 0.0871 - mae: 1.196031/31 [==============================] - 0s 605us/step - loss: 0.0771 - mae: 1.0411 - val_loss: 0.0704 - val_mae: 0.9295
Epoch 5/5
 1/31 [..............................] - ETA: 0s - loss: 0.0692 - mae: 0.878131/31 [==============================] - 0s 607us/step - loss: 0.0679 - mae: 0.9012 - val_loss: 0.0635 - val_mae: 0.8211
1/9 [==>...........................] - ETA: 0s - loss: 0.0856 - mae: 1.10429/9 [==============================] - 0s 320us/step - loss: 0.0713 - mae: 0.9218
Mean Absolute Error on Test Set: 0.921789824962616
1/9 [==>...........................] - ETA: 0s9/9 [==============================] - 0s 229us/step
 1/39 [..............................] - ETA: 0s39/39 [==============================] - 0s 226us/step
The testing err = 0.4876148072278465
