Epoch 1/5
 1/31 [..............................] - ETA: 3s - loss: 0.2366 - mae: 3.227631/31 [==============================] - 0s 4ms/step - loss: 0.2391 - mae: 3.9302 - val_loss: 0.1884 - val_mae: 3.1049
Epoch 2/5
 1/31 [..............................] - ETA: 0s - loss: 0.1854 - mae: 2.983831/31 [==============================] - 0s 690us/step - loss: 0.1709 - mae: 2.9618 - val_loss: 0.1372 - val_mae: 2.3520
Epoch 3/5
 1/31 [..............................] - ETA: 0s - loss: 0.1507 - mae: 2.774231/31 [==============================] - 0s 638us/step - loss: 0.1406 - mae: 2.4641 - val_loss: 0.1152 - val_mae: 2.0057
Epoch 4/5
 1/31 [..............................] - ETA: 0s - loss: 0.0972 - mae: 1.495231/31 [==============================] - 0s 601us/step - loss: 0.1218 - mae: 2.1454 - val_loss: 0.0977 - val_mae: 1.7242
Epoch 5/5
 1/31 [..............................] - ETA: 0s - loss: 0.1053 - mae: 1.813731/31 [==============================] - 0s 588us/step - loss: 0.1071 - mae: 1.8774 - val_loss: 0.0870 - val_mae: 1.5282
1/9 [==>...........................] - ETA: 0s - loss: 0.1399 - mae: 2.45569/9 [==============================] - 0s 292us/step - loss: 0.1087 - mae: 1.9580
Mean Absolute Error on Test Set: 1.9579819440841675
1/9 [==>...........................] - ETA: 0s9/9 [==============================] - 0s 280us/step
 1/39 [..............................] - ETA: 0s39/39 [==============================] - 0s 214us/step
The testing err = 5.118367418507141
