Epoch 1/5
 1/31 [..............................] - ETA: 3s - loss: 10.7226 - mae: 27.196631/31 [==============================] - 0s 4ms/step - loss: 11.3423 - mae: 26.1884 - val_loss: 11.2152 - val_mae: 24.7431
Epoch 2/5
 1/31 [..............................] - ETA: 0s - loss: 9.0423 - mae: 23.002431/31 [==============================] - 0s 649us/step - loss: 11.0426 - mae: 25.2245 - val_loss: 10.9007 - val_mae: 23.7926
Epoch 3/5
 1/31 [..............................] - ETA: 0s - loss: 7.4032 - mae: 18.577531/31 [==============================] - 0s 652us/step - loss: 10.6895 - mae: 24.2535 - val_loss: 10.4949 - val_mae: 22.7882
Epoch 4/5
 1/31 [..............................] - ETA: 0s - loss: 11.1587 - mae: 25.155731/31 [==============================] - 0s 591us/step - loss: 10.2097 - mae: 23.1094 - val_loss: 9.9435 - val_mae: 21.5441
Epoch 5/5
 1/31 [..............................] - ETA: 0s - loss: 10.1459 - mae: 23.569831/31 [==============================] - 0s 595us/step - loss: 9.5536 - mae: 21.6855 - val_loss: 9.2056 - val_mae: 20.0175
1/9 [==>...........................] - ETA: 0s - loss: 10.0882 - mae: 24.06749/9 [==============================] - 0s 310us/step - loss: 9.5531 - mae: 21.5663
Mean Absolute Error on Test Set: 21.56633186340332
1/9 [==>...........................] - ETA: 0s9/9 [==============================] - 0s 3ms/step
 1/39 [..............................] - ETA: 0s39/39 [==============================] - 0s 227us/step
The testing err = 6.584463222478683
