Epoch 1/5
 1/31 [..............................] - ETA: 3s - loss: 0.0911 - mae: 0.940131/31 [==============================] - 0s 4ms/step - loss: 0.0838 - mae: 0.9603 - val_loss: 0.0654 - val_mae: 0.7694
Epoch 2/5
 1/31 [..............................] - ETA: 0s - loss: 0.0524 - mae: 0.579331/31 [==============================] - 0s 717us/step - loss: 0.0563 - mae: 0.6654 - val_loss: 0.0612 - val_mae: 0.7140
Epoch 3/5
 1/31 [..............................] - ETA: 0s - loss: 0.0592 - mae: 0.687031/31 [==============================] - 0s 703us/step - loss: 0.0503 - mae: 0.6034 - val_loss: 0.0569 - val_mae: 0.6737
Epoch 4/5
 1/31 [..............................] - ETA: 0s - loss: 0.0497 - mae: 0.674931/31 [==============================] - 0s 653us/step - loss: 0.0472 - mae: 0.5723 - val_loss: 0.0551 - val_mae: 0.6529
Epoch 5/5
 1/31 [..............................] - ETA: 0s - loss: 0.0515 - mae: 0.570431/31 [==============================] - 0s 639us/step - loss: 0.0448 - mae: 0.5472 - val_loss: 0.0534 - val_mae: 0.6331
1/9 [==>...........................] - ETA: 0s - loss: 0.0400 - mae: 0.42829/9 [==============================] - 0s 355us/step - loss: 0.0415 - mae: 0.4842
Mean Absolute Error on Test Set: 0.4841862618923187
1/9 [==>...........................] - ETA: 0s9/9 [==============================] - 0s 250us/step
 1/39 [..............................] - ETA: 0s39/39 [==============================] - 0s 222us/step
The testing err = 1.101079640577569
