Epoch 1/5
 1/31 [..............................] - ETA: 3s - loss: 4.1311 - mae: 21.431031/31 [==============================] - 0s 4ms/step - loss: 3.5299 - mae: 19.2497 - val_loss: 3.6529 - val_mae: 19.1645
Epoch 2/5
 1/31 [..............................] - ETA: 0s - loss: 4.7703 - mae: 25.061931/31 [==============================] - 0s 683us/step - loss: 3.2853 - mae: 17.9439 - val_loss: 3.3530 - val_mae: 17.6235
Epoch 3/5
 1/31 [..............................] - ETA: 0s - loss: 3.6354 - mae: 18.408831/31 [==============================] - 0s 647us/step - loss: 2.9473 - mae: 16.2277 - val_loss: 2.9148 - val_mae: 15.4907
Epoch 4/5
 1/31 [..............................] - ETA: 0s - loss: 2.8364 - mae: 16.168131/31 [==============================] - 0s 606us/step - loss: 2.4616 - mae: 13.8915 - val_loss: 2.3029 - val_mae: 12.5915
Epoch 5/5
 1/31 [..............................] - ETA: 0s - loss: 2.8346 - mae: 14.668331/31 [==============================] - 0s 593us/step - loss: 1.8108 - mae: 10.8192 - val_loss: 1.5009 - val_mae: 8.8478
1/9 [==>...........................] - ETA: 0s - loss: 1.2230 - mae: 7.40769/9 [==============================] - 0s 306us/step - loss: 1.4511 - mae: 8.5039
Mean Absolute Error on Test Set: 8.503878593444824
1/9 [==>...........................] - ETA: 0s9/9 [==============================] - 0s 244us/step
 1/39 [..............................] - ETA: 0s39/39 [==============================] - 0s 224us/step
The testing err = 2.7020572463701416
