Epoch 1/5
 1/31 [..............................] - ETA: 3s - loss: 1.1354 - mae: 13.106731/31 [==============================] - 0s 4ms/step - loss: 0.9998 - mae: 11.3433 - val_loss: 0.9775 - val_mae: 11.2202
Epoch 2/5
 1/31 [..............................] - ETA: 0s - loss: 1.1591 - mae: 12.766031/31 [==============================] - 0s 662us/step - loss: 0.8885 - mae: 10.0371 - val_loss: 0.8526 - val_mae: 9.7391
Epoch 3/5
 1/31 [..............................] - ETA: 0s - loss: 1.0333 - mae: 11.775131/31 [==============================] - 0s 635us/step - loss: 0.7559 - mae: 8.4975 - val_loss: 0.6871 - val_mae: 7.7862
Epoch 4/5
 1/31 [..............................] - ETA: 0s - loss: 0.6582 - mae: 7.564531/31 [==============================] - 0s 600us/step - loss: 0.5762 - mae: 6.4089 - val_loss: 0.4716 - val_mae: 5.3381
Epoch 5/5
 1/31 [..............................] - ETA: 0s - loss: 0.7623 - mae: 7.887831/31 [==============================] - 0s 582us/step - loss: 0.3761 - mae: 4.2498 - val_loss: 0.3143 - val_mae: 3.8288
1/9 [==>...........................] - ETA: 0s - loss: 0.3048 - mae: 4.01069/9 [==============================] - 0s 295us/step - loss: 0.3259 - mae: 3.7993
Mean Absolute Error on Test Set: 3.7992727756500244
1/9 [==>...........................] - ETA: 0s9/9 [==============================] - 0s 244us/step
 1/39 [..............................] - ETA: 0s39/39 [==============================] - 0s 211us/step
The testing err = 0.8471753480689114
