Epoch 1/5
 1/31 [..............................] - ETA: 3s - loss: 0.2255 - mae: 4.471631/31 [==============================] - 0s 4ms/step - loss: 0.1691 - mae: 3.0577 - val_loss: 0.1390 - val_mae: 2.6343
Epoch 2/5
 1/31 [..............................] - ETA: 0s - loss: 0.1803 - mae: 3.578231/31 [==============================] - 0s 719us/step - loss: 0.1346 - mae: 2.5514 - val_loss: 0.1238 - val_mae: 2.3539
Epoch 3/5
 1/31 [..............................] - ETA: 0s - loss: 0.1363 - mae: 2.660131/31 [==============================] - 0s 674us/step - loss: 0.1204 - mae: 2.3071 - val_loss: 0.1127 - val_mae: 2.1438
Epoch 4/5
 1/31 [..............................] - ETA: 0s - loss: 0.1379 - mae: 2.751331/31 [==============================] - 0s 680us/step - loss: 0.1086 - mae: 2.0842 - val_loss: 0.1018 - val_mae: 1.9150
Epoch 5/5
 1/31 [..............................] - ETA: 0s - loss: 0.1153 - mae: 2.213431/31 [==============================] - 0s 707us/step - loss: 0.0958 - mae: 1.8112 - val_loss: 0.0886 - val_mae: 1.6150
1/9 [==>...........................] - ETA: 0s - loss: 0.1235 - mae: 2.88059/9 [==============================] - 0s 296us/step - loss: 0.0962 - mae: 1.8871
Mean Absolute Error on Test Set: 1.8870528936386108
1/9 [==>...........................] - ETA: 0s9/9 [==============================] - 0s 263us/step
 1/39 [..............................] - ETA: 0s39/39 [==============================] - 0s 227us/step
The testing err = 3.6691345600881196
