Epoch 1/5
 1/31 [..............................] - ETA: 3s - loss: 0.1695 - mae: 2.391131/31 [==============================] - 0s 4ms/step - loss: 0.1545 - mae: 2.5092 - val_loss: 0.1244 - val_mae: 2.0304
Epoch 2/5
 1/31 [..............................] - ETA: 0s - loss: 0.1282 - mae: 2.096831/31 [==============================] - 0s 651us/step - loss: 0.1241 - mae: 2.1127 - val_loss: 0.1166 - val_mae: 1.9113
Epoch 3/5
 1/31 [..............................] - ETA: 0s - loss: 0.1122 - mae: 1.919631/31 [==============================] - 0s 624us/step - loss: 0.1144 - mae: 1.9831 - val_loss: 0.1126 - val_mae: 1.8503
Epoch 4/5
 1/31 [..............................] - ETA: 0s - loss: 0.1256 - mae: 2.424331/31 [==============================] - 0s 584us/step - loss: 0.1090 - mae: 1.9041 - val_loss: 0.1076 - val_mae: 1.7863
Epoch 5/5
 1/31 [..............................] - ETA: 0s - loss: 0.0924 - mae: 1.624031/31 [==============================] - 0s 588us/step - loss: 0.1045 - mae: 1.8382 - val_loss: 0.1044 - val_mae: 1.7334
1/9 [==>...........................] - ETA: 0s - loss: 0.1045 - mae: 1.69899/9 [==============================] - 0s 301us/step - loss: 0.1046 - mae: 1.7380
Mean Absolute Error on Test Set: 1.7380090951919556
1/9 [==>...........................] - ETA: 0s9/9 [==============================] - 0s 235us/step
 1/39 [..............................] - ETA: 0s39/39 [==============================] - 0s 222us/step
The testing err = 1.758164301967316
