Epoch 1/5
 1/31 [..............................] - ETA: 3s - loss: 0.3489 - mae: 6.995031/31 [==============================] - 0s 4ms/step - loss: 0.3395 - mae: 7.6303 - val_loss: 0.2784 - val_mae: 6.4281
Epoch 2/5
 1/31 [..............................] - ETA: 0s - loss: 0.2475 - mae: 5.499031/31 [==============================] - 0s 842us/step - loss: 0.2668 - mae: 6.4420 - val_loss: 0.2253 - val_mae: 5.4838
Epoch 3/5
 1/31 [..............................] - ETA: 0s - loss: 0.1989 - mae: 4.597731/31 [==============================] - 0s 714us/step - loss: 0.2320 - mae: 5.7063 - val_loss: 0.2014 - val_mae: 4.8880
Epoch 4/5
 1/31 [..............................] - ETA: 0s - loss: 0.2478 - mae: 6.485731/31 [==============================] - 0s 689us/step - loss: 0.2110 - mae: 5.1332 - val_loss: 0.1800 - val_mae: 4.3556
Epoch 5/5
 1/31 [..............................] - ETA: 0s - loss: 0.1769 - mae: 4.276631/31 [==============================] - 0s 656us/step - loss: 0.1909 - mae: 4.6236 - val_loss: 0.1583 - val_mae: 3.8245
1/9 [==>...........................] - ETA: 0s - loss: 0.2357 - mae: 5.78429/9 [==============================] - 0s 370us/step - loss: 0.1940 - mae: 4.6367
Mean Absolute Error on Test Set: 4.636669158935547
1/9 [==>...........................] - ETA: 0s9/9 [==============================] - 0s 270us/step
 1/39 [..............................] - ETA: 0s39/39 [==============================] - 0s 226us/step
The testing err = 2.8076456708095967
