Epoch 1/5
 1/31 [..............................] - ETA: 3s - loss: 0.4186 - mae: 7.187931/31 [==============================] - 0s 4ms/step - loss: 0.5450 - mae: 9.2438 - val_loss: 0.5071 - val_mae: 8.9358
Epoch 2/5
 1/31 [..............................] - ETA: 0s - loss: 0.4776 - mae: 7.614931/31 [==============================] - 0s 711us/step - loss: 0.4881 - mae: 8.1214 - val_loss: 0.4517 - val_mae: 7.7487
Epoch 3/5
 1/31 [..............................] - ETA: 0s - loss: 0.2976 - mae: 5.282331/31 [==============================] - 0s 651us/step - loss: 0.4280 - mae: 6.8575 - val_loss: 0.3861 - val_mae: 6.3151
Epoch 4/5
 1/31 [..............................] - ETA: 0s - loss: 0.3399 - mae: 6.109431/31 [==============================] - 0s 620us/step - loss: 0.3648 - mae: 5.5367 - val_loss: 0.3294 - val_mae: 5.1839
Epoch 5/5
 1/31 [..............................] - ETA: 0s - loss: 0.4894 - mae: 6.644031/31 [==============================] - 0s 618us/step - loss: 0.3207 - mae: 4.7103 - val_loss: 0.2849 - val_mae: 4.3982
1/9 [==>...........................] - ETA: 0s - loss: 0.2944 - mae: 4.04919/9 [==============================] - 0s 293us/step - loss: 0.3533 - mae: 4.9935
Mean Absolute Error on Test Set: 4.993533134460449
1/9 [==>...........................] - ETA: 0s9/9 [==============================] - 0s 267us/step
 1/39 [..............................] - ETA: 0s39/39 [==============================] - 0s 221us/step
The testing err = 1.7708779483892922
