Epoch 1/5
 1/31 [..............................] - ETA: 3s - loss: 0.2067 - mae: 3.289631/31 [==============================] - 0s 4ms/step - loss: 0.1597 - mae: 2.5676 - val_loss: 0.1278 - val_mae: 2.1172
Epoch 2/5
 1/31 [..............................] - ETA: 0s - loss: 0.1429 - mae: 2.367231/31 [==============================] - 0s 737us/step - loss: 0.1020 - mae: 1.5857 - val_loss: 0.0677 - val_mae: 0.9977
Epoch 3/5
 1/31 [..............................] - ETA: 0s - loss: 0.0714 - mae: 1.074631/31 [==============================] - 0s 646us/step - loss: 0.0591 - mae: 0.7816 - val_loss: 0.0486 - val_mae: 0.6292
Epoch 4/5
 1/31 [..............................] - ETA: 0s - loss: 0.0662 - mae: 0.834731/31 [==============================] - 0s 600us/step - loss: 0.0478 - mae: 0.5962 - val_loss: 0.0416 - val_mae: 0.5119
Epoch 5/5
 1/31 [..............................] - ETA: 0s - loss: 0.0505 - mae: 0.567931/31 [==============================] - 0s 590us/step - loss: 0.0413 - mae: 0.5012 - val_loss: 0.0379 - val_mae: 0.4610
1/9 [==>...........................] - ETA: 0s - loss: 0.0394 - mae: 0.52659/9 [==============================] - 0s 301us/step - loss: 0.0442 - mae: 0.5415
Mean Absolute Error on Test Set: 0.5415323376655579
1/9 [==>...........................] - ETA: 0s9/9 [==============================] - 0s 235us/step
 1/39 [..............................] - ETA: 0s39/39 [==============================] - 0s 213us/step
The testing err = 4.620845024116431
