Epoch 1/5
 1/31 [..............................] - ETA: 3s - loss: 0.2368 - mae: 3.188931/31 [==============================] - 0s 4ms/step - loss: 0.1890 - mae: 2.5291 - val_loss: 0.1495 - val_mae: 1.9951
Epoch 2/5
 1/31 [..............................] - ETA: 0s - loss: 0.1462 - mae: 1.926931/31 [==============================] - 0s 686us/step - loss: 0.1210 - mae: 1.6084 - val_loss: 0.1000 - val_mae: 1.2873
Epoch 3/5
 1/31 [..............................] - ETA: 0s - loss: 0.1036 - mae: 1.372531/31 [==============================] - 0s 655us/step - loss: 0.0927 - mae: 1.2055 - val_loss: 0.0935 - val_mae: 1.1755
Epoch 4/5
 1/31 [..............................] - ETA: 0s - loss: 0.0793 - mae: 0.865331/31 [==============================] - 0s 615us/step - loss: 0.0840 - mae: 1.0870 - val_loss: 0.0880 - val_mae: 1.0944
Epoch 5/5
 1/31 [..............................] - ETA: 0s - loss: 0.0721 - mae: 0.847031/31 [==============================] - 0s 602us/step - loss: 0.0795 - mae: 1.0202 - val_loss: 0.0842 - val_mae: 1.0446
1/9 [==>...........................] - ETA: 0s - loss: 0.0763 - mae: 0.93689/9 [==============================] - 0s 304us/step - loss: 0.0795 - mae: 0.9686
Mean Absolute Error on Test Set: 0.9685505032539368
1/9 [==>...........................] - ETA: 0s9/9 [==============================] - 0s 239us/step
 1/39 [..............................] - ETA: 0s39/39 [==============================] - 0s 210us/step
The testing err = 7.364788337328535
