Epoch 1/5
 1/31 [..............................] - ETA: 3s - loss: 0.1660 - mae: 3.084031/31 [==============================] - 0s 4ms/step - loss: 0.1554 - mae: 3.3600 - val_loss: 0.1289 - val_mae: 2.7455
Epoch 2/5
 1/31 [..............................] - ETA: 0s - loss: 0.1617 - mae: 3.618631/31 [==============================] - 0s 658us/step - loss: 0.1313 - mae: 2.9579 - val_loss: 0.1131 - val_mae: 2.4665
Epoch 3/5
 1/31 [..............................] - ETA: 0s - loss: 0.1337 - mae: 3.120831/31 [==============================] - 0s 637us/step - loss: 0.1194 - mae: 2.7072 - val_loss: 0.1034 - val_mae: 2.2520
Epoch 4/5
 1/31 [..............................] - ETA: 0s - loss: 0.1065 - mae: 2.231031/31 [==============================] - 0s 624us/step - loss: 0.1105 - mae: 2.4808 - val_loss: 0.0953 - val_mae: 2.0456
Epoch 5/5
 1/31 [..............................] - ETA: 0s - loss: 0.0937 - mae: 2.089931/31 [==============================] - 0s 615us/step - loss: 0.1013 - mae: 2.2505 - val_loss: 0.0867 - val_mae: 1.8248
1/9 [==>...........................] - ETA: 0s - loss: 0.0904 - mae: 2.00879/9 [==============================] - 0s 303us/step - loss: 0.1065 - mae: 2.4096
Mean Absolute Error on Test Set: 2.4095520973205566
1/9 [==>...........................] - ETA: 0s9/9 [==============================] - 0s 239us/step
 1/39 [..............................] - ETA: 0s39/39 [==============================] - 0s 209us/step
The testing err = 1.171766263372933
