Epoch 1/5
 1/31 [..............................] - ETA: 3s - loss: 0.2594 - mae: 4.840831/31 [==============================] - 0s 4ms/step - loss: 0.2222 - mae: 4.7134 - val_loss: 0.1998 - val_mae: 4.2850
Epoch 2/5
 1/31 [..............................] - ETA: 0s - loss: 0.1335 - mae: 2.492831/31 [==============================] - 0s 659us/step - loss: 0.1893 - mae: 4.2237 - val_loss: 0.1865 - val_mae: 4.0585
Epoch 3/5
 1/31 [..............................] - ETA: 0s - loss: 0.1535 - mae: 3.153431/31 [==============================] - 0s 633us/step - loss: 0.1778 - mae: 4.0321 - val_loss: 0.1776 - val_mae: 3.8947
Epoch 4/5
 1/31 [..............................] - ETA: 0s - loss: 0.2466 - mae: 6.178131/31 [==============================] - 0s 599us/step - loss: 0.1701 - mae: 3.8750 - val_loss: 0.1722 - val_mae: 3.7711
Epoch 5/5
 1/31 [..............................] - ETA: 0s - loss: 0.1298 - mae: 2.705331/31 [==============================] - 0s 583us/step - loss: 0.1640 - mae: 3.7413 - val_loss: 0.1665 - val_mae: 3.6546
1/9 [==>...........................] - ETA: 0s - loss: 0.1282 - mae: 2.61179/9 [==============================] - 0s 288us/step - loss: 0.1835 - mae: 4.1506
Mean Absolute Error on Test Set: 4.150583744049072
1/9 [==>...........................] - ETA: 0s9/9 [==============================] - 0s 235us/step
 1/39 [..............................] - ETA: 0s39/39 [==============================] - 0s 207us/step
The testing err = 2.443837342970408
