Epoch 1/5
 1/31 [..............................] - ETA: 3s - loss: 0.3568 - mae: 8.800931/31 [==============================] - 0s 4ms/step - loss: 0.3491 - mae: 8.6972 - val_loss: 0.3758 - val_mae: 9.3981
Epoch 2/5
 1/31 [..............................] - ETA: 0s - loss: 0.3741 - mae: 9.778831/31 [==============================] - 0s 669us/step - loss: 0.3128 - mae: 7.7811 - val_loss: 0.3373 - val_mae: 8.3854
Epoch 3/5
 1/31 [..............................] - ETA: 0s - loss: 0.2514 - mae: 6.163231/31 [==============================] - 0s 626us/step - loss: 0.2717 - mae: 6.7053 - val_loss: 0.2860 - val_mae: 7.0160
Epoch 4/5
 1/31 [..............................] - ETA: 0s - loss: 0.1699 - mae: 3.697331/31 [==============================] - 0s 599us/step - loss: 0.2188 - mae: 5.2752 - val_loss: 0.2221 - val_mae: 5.2435
Epoch 5/5
 1/31 [..............................] - ETA: 0s - loss: 0.1749 - mae: 4.239331/31 [==============================] - 0s 595us/step - loss: 0.1571 - mae: 3.5837 - val_loss: 0.1724 - val_mae: 3.8506
1/9 [==>...........................] - ETA: 0s - loss: 0.1094 - mae: 2.10949/9 [==============================] - 0s 299us/step - loss: 0.1531 - mae: 3.3308
Mean Absolute Error on Test Set: 3.330827474594116
1/9 [==>...........................] - ETA: 0s9/9 [==============================] - 0s 217us/step
 1/39 [..............................] - ETA: 0s39/39 [==============================] - 0s 211us/step
The testing err = 1.8426186960364626
