Epoch 1/5
 1/31 [..............................] - ETA: 3s - loss: 0.2754 - mae: 6.096031/31 [==============================] - 0s 4ms/step - loss: 0.2347 - mae: 5.4908 - val_loss: 0.2119 - val_mae: 5.0376
Epoch 2/5
 1/31 [..............................] - ETA: 0s - loss: 0.2262 - mae: 5.340731/31 [==============================] - 0s 695us/step - loss: 0.1906 - mae: 4.4857 - val_loss: 0.1675 - val_mae: 3.9273
Epoch 3/5
 1/31 [..............................] - ETA: 0s - loss: 0.1283 - mae: 2.921731/31 [==============================] - 0s 655us/step - loss: 0.1416 - mae: 3.2699 - val_loss: 0.1153 - val_mae: 2.5501
Epoch 4/5
 1/31 [..............................] - ETA: 0s - loss: 0.1079 - mae: 2.328531/31 [==============================] - 0s 620us/step - loss: 0.0869 - mae: 1.8766 - val_loss: 0.0705 - val_mae: 1.3926
Epoch 5/5
 1/31 [..............................] - ETA: 0s - loss: 0.0796 - mae: 1.561131/31 [==============================] - 0s 623us/step - loss: 0.0509 - mae: 1.0047 - val_loss: 0.0497 - val_mae: 0.8806
1/9 [==>...........................] - ETA: 0s - loss: 0.0352 - mae: 0.70729/9 [==============================] - 0s 311us/step - loss: 0.0486 - mae: 0.8646
Mean Absolute Error on Test Set: 0.8646068572998047
1/9 [==>...........................] - ETA: 0s9/9 [==============================] - 0s 255us/step
 1/39 [..............................] - ETA: 0s39/39 [==============================] - 0s 214us/step
The testing err = 7.235327833535497
