Epoch 1/5
 1/31 [..............................] - ETA: 3s - loss: 1.0079 - mae: 18.085731/31 [==============================] - 0s 4ms/step - loss: 1.1122 - mae: 18.7470 - val_loss: 1.0763 - val_mae: 18.1905
Epoch 2/5
 1/31 [..............................] - ETA: 0s - loss: 1.1279 - mae: 19.067031/31 [==============================] - 0s 681us/step - loss: 1.0218 - mae: 17.3549 - val_loss: 0.9712 - val_mae: 16.5985
Epoch 3/5
 1/31 [..............................] - ETA: 0s - loss: 0.8154 - mae: 15.545131/31 [==============================] - 0s 667us/step - loss: 0.9032 - mae: 15.5914 - val_loss: 0.8240 - val_mae: 14.4262
Epoch 4/5
 1/31 [..............................] - ETA: 0s - loss: 0.7508 - mae: 13.606831/31 [==============================] - 0s 600us/step - loss: 0.7381 - mae: 13.1644 - val_loss: 0.6203 - val_mae: 11.4341
Epoch 5/5
 1/31 [..............................] - ETA: 0s - loss: 0.6296 - mae: 11.130531/31 [==============================] - 0s 616us/step - loss: 0.5387 - mae: 10.2195 - val_loss: 0.4500 - val_mae: 8.7891
1/9 [==>...........................] - ETA: 0s - loss: 0.4696 - mae: 7.96299/9 [==============================] - 0s 290us/step - loss: 0.4785 - mae: 9.3067
Mean Absolute Error on Test Set: 9.306697845458984
1/9 [==>...........................] - ETA: 0s9/9 [==============================] - 0s 233us/step
 1/39 [..............................] - ETA: 0s39/39 [==============================] - 0s 210us/step
The testing err = 3.615474293161119
