Epoch 1/5
 1/31 [..............................] - ETA: 3s - loss: 0.1704 - mae: 2.563131/31 [==============================] - 0s 4ms/step - loss: 0.1411 - mae: 2.0131 - val_loss: 0.1238 - val_mae: 1.7816
Epoch 2/5
 1/31 [..............................] - ETA: 0s - loss: 0.0992 - mae: 1.552931/31 [==============================] - 0s 731us/step - loss: 0.0938 - mae: 1.3333 - val_loss: 0.0845 - val_mae: 1.1913
Epoch 3/5
 1/31 [..............................] - ETA: 0s - loss: 0.0542 - mae: 0.780731/31 [==============================] - 0s 743us/step - loss: 0.0752 - mae: 1.0480 - val_loss: 0.0753 - val_mae: 1.0654
Epoch 4/5
 1/31 [..............................] - ETA: 0s - loss: 0.0759 - mae: 1.029731/31 [==============================] - 0s 649us/step - loss: 0.0681 - mae: 0.9533 - val_loss: 0.0730 - val_mae: 1.0234
Epoch 5/5
 1/31 [..............................] - ETA: 0s - loss: 0.0770 - mae: 1.115331/31 [==============================] - 0s 639us/step - loss: 0.0644 - mae: 0.9068 - val_loss: 0.0686 - val_mae: 0.9655
1/9 [==>...........................] - ETA: 0s - loss: 0.0754 - mae: 1.04309/9 [==============================] - 0s 408us/step - loss: 0.0721 - mae: 1.0235
Mean Absolute Error on Test Set: 1.0235029458999634
1/9 [==>...........................] - ETA: 0s9/9 [==============================] - 0s 269us/step
 1/39 [..............................] - ETA: 0s39/39 [==============================] - 0s 232us/step
The testing err = 3.042864232036983
