Epoch 1/5
 1/31 [..............................] - ETA: 3s - loss: 0.5780 - mae: 9.260931/31 [==============================] - 0s 4ms/step - loss: 0.6531 - mae: 9.8197 - val_loss: 0.5734 - val_mae: 8.6166
Epoch 2/5
 1/31 [..............................] - ETA: 0s - loss: 0.8148 - mae: 10.836631/31 [==============================] - 0s 656us/step - loss: 0.6009 - mae: 8.9451 - val_loss: 0.5293 - val_mae: 7.7866
Epoch 3/5
 1/31 [..............................] - ETA: 0s - loss: 0.7139 - mae: 9.411831/31 [==============================] - 0s 640us/step - loss: 0.5440 - mae: 7.9422 - val_loss: 0.4730 - val_mae: 6.7341
Epoch 4/5
 1/31 [..............................] - ETA: 0s - loss: 0.4733 - mae: 6.675031/31 [==============================] - 0s 600us/step - loss: 0.4729 - mae: 6.7065 - val_loss: 0.3991 - val_mae: 5.3738
Epoch 5/5
 1/31 [..............................] - ETA: 0s - loss: 0.3468 - mae: 5.292631/31 [==============================] - 0s 594us/step - loss: 0.3827 - mae: 5.1732 - val_loss: 0.3188 - val_mae: 4.0871
1/9 [==>...........................] - ETA: 0s - loss: 0.2561 - mae: 3.36779/9 [==============================] - 0s 290us/step - loss: 0.3326 - mae: 4.5638
Mean Absolute Error on Test Set: 4.5637736320495605
1/9 [==>...........................] - ETA: 0s9/9 [==============================] - 0s 250us/step
 1/39 [..............................] - ETA: 0s39/39 [==============================] - 0s 216us/step
The testing err = 1.195381048047732
