Epoch 1/5
 1/31 [..............................] - ETA: 3s - loss: 0.9295 - mae: 10.344831/31 [==============================] - 0s 4ms/step - loss: 0.6681 - mae: 7.7951 - val_loss: 0.6507 - val_mae: 7.1946
Epoch 2/5
 1/31 [..............................] - ETA: 0s - loss: 0.3735 - mae: 4.697331/31 [==============================] - 0s 696us/step - loss: 0.5969 - mae: 6.9343 - val_loss: 0.6069 - val_mae: 6.6820
Epoch 3/5
 1/31 [..............................] - ETA: 0s - loss: 0.4845 - mae: 6.443031/31 [==============================] - 0s 639us/step - loss: 0.5594 - mae: 6.4567 - val_loss: 0.5672 - val_mae: 6.2209
Epoch 4/5
 1/31 [..............................] - ETA: 0s - loss: 0.4958 - mae: 5.442631/31 [==============================] - 0s 602us/step - loss: 0.5170 - mae: 5.9180 - val_loss: 0.5176 - val_mae: 5.6458
Epoch 5/5
 1/31 [..............................] - ETA: 0s - loss: 0.4994 - mae: 5.798031/31 [==============================] - 0s 620us/step - loss: 0.4626 - mae: 5.2282 - val_loss: 0.4521 - val_mae: 4.8924
1/9 [==>...........................] - ETA: 0s - loss: 0.5364 - mae: 5.84809/9 [==============================] - 0s 292us/step - loss: 0.4845 - mae: 5.2293
Mean Absolute Error on Test Set: 5.229271411895752
1/9 [==>...........................] - ETA: 0s9/9 [==============================] - 0s 242us/step
 1/39 [..............................] - ETA: 0s39/39 [==============================] - 0s 211us/step
The testing err = 0.3362068700771021
