Epoch 1/5
 1/31 [..............................] - ETA: 3s - loss: 0.2304 - mae: 5.064731/31 [==============================] - 0s 4ms/step - loss: 0.2566 - mae: 5.0635 - val_loss: 0.2289 - val_mae: 4.5555
Epoch 2/5
 1/31 [..............................] - ETA: 0s - loss: 0.2440 - mae: 4.458031/31 [==============================] - 0s 691us/step - loss: 0.2309 - mae: 4.6353 - val_loss: 0.2108 - val_mae: 4.2118
Epoch 3/5
 1/31 [..............................] - ETA: 0s - loss: 0.2851 - mae: 5.607331/31 [==============================] - 0s 662us/step - loss: 0.2127 - mae: 4.2690 - val_loss: 0.1944 - val_mae: 3.8696
Epoch 4/5
 1/31 [..............................] - ETA: 0s - loss: 0.2997 - mae: 6.210231/31 [==============================] - 0s 640us/step - loss: 0.1933 - mae: 3.8669 - val_loss: 0.1741 - val_mae: 3.4303
Epoch 5/5
 1/31 [..............................] - ETA: 0s - loss: 0.1783 - mae: 3.245431/31 [==============================] - 0s 616us/step - loss: 0.1691 - mae: 3.3349 - val_loss: 0.1496 - val_mae: 2.8671
1/9 [==>...........................] - ETA: 0s - loss: 0.2587 - mae: 5.29819/9 [==============================] - 0s 329us/step - loss: 0.1571 - mae: 3.2477
Mean Absolute Error on Test Set: 3.2477285861968994
1/9 [==>...........................] - ETA: 0s9/9 [==============================] - 0s 272us/step
 1/39 [..............................] - ETA: 0s39/39 [==============================] - 0s 217us/step
The testing err = 1.57657226970647
