Epoch 1/5
 1/31 [..............................] - ETA: 3s - loss: 0.0827 - mae: 0.851831/31 [==============================] - 0s 4ms/step - loss: 0.0585 - mae: 0.5930 - val_loss: 0.0460 - val_mae: 0.4748
Epoch 2/5
 1/31 [..............................] - ETA: 0s - loss: 0.0572 - mae: 0.610531/31 [==============================] - 0s 711us/step - loss: 0.0416 - mae: 0.4280 - val_loss: 0.0385 - val_mae: 0.4040
Epoch 3/5
 1/31 [..............................] - ETA: 0s - loss: 0.0345 - mae: 0.334131/31 [==============================] - 0s 645us/step - loss: 0.0364 - mae: 0.3791 - val_loss: 0.0348 - val_mae: 0.3666
Epoch 4/5
 1/31 [..............................] - ETA: 0s - loss: 0.0463 - mae: 0.496031/31 [==============================] - 0s 658us/step - loss: 0.0332 - mae: 0.3479 - val_loss: 0.0328 - val_mae: 0.3486
Epoch 5/5
 1/31 [..............................] - ETA: 0s - loss: 0.0272 - mae: 0.279831/31 [==============================] - 0s 644us/step - loss: 0.0310 - mae: 0.3268 - val_loss: 0.0309 - val_mae: 0.3288
1/9 [==>...........................] - ETA: 0s - loss: 0.0194 - mae: 0.18659/9 [==============================] - 0s 303us/step - loss: 0.0317 - mae: 0.3282
Mean Absolute Error on Test Set: 0.328155517578125
1/9 [==>...........................] - ETA: 0s9/9 [==============================] - 0s 244us/step
 1/39 [..............................] - ETA: 0s39/39 [==============================] - 0s 220us/step
The testing err = 0.5541511380157556
