Epoch 1/5
 1/31 [..............................] - ETA: 3s - loss: 0.2294 - mae: 2.953231/31 [==============================] - 0s 4ms/step - loss: 0.1776 - mae: 2.2970 - val_loss: 0.1535 - val_mae: 2.0512
Epoch 2/5
 1/31 [..............................] - ETA: 0s - loss: 0.1191 - mae: 1.534331/31 [==============================] - 0s 661us/step - loss: 0.1234 - mae: 1.6327 - val_loss: 0.1207 - val_mae: 1.6327
Epoch 3/5
 1/31 [..............................] - ETA: 0s - loss: 0.1303 - mae: 1.776531/31 [==============================] - 0s 631us/step - loss: 0.1035 - mae: 1.3653 - val_loss: 0.1033 - val_mae: 1.3931
Epoch 4/5
 1/31 [..............................] - ETA: 0s - loss: 0.0771 - mae: 0.870631/31 [==============================] - 0s 597us/step - loss: 0.0909 - mae: 1.1927 - val_loss: 0.0911 - val_mae: 1.2195
Epoch 5/5
 1/31 [..............................] - ETA: 0s - loss: 0.0726 - mae: 0.934631/31 [==============================] - 0s 593us/step - loss: 0.0820 - mae: 1.0645 - val_loss: 0.0843 - val_mae: 1.1143
1/9 [==>...........................] - ETA: 0s - loss: 0.1096 - mae: 1.56359/9 [==============================] - 0s 283us/step - loss: 0.0893 - mae: 1.2013
Mean Absolute Error on Test Set: 1.2013388872146606
1/9 [==>...........................] - ETA: 0s9/9 [==============================] - 0s 234us/step
 1/39 [..............................] - ETA: 0s39/39 [==============================] - 0s 257us/step
The testing err = 3.9728672871966553
