Epoch 1/5
 1/31 [..............................] - ETA: 3s - loss: 0.2284 - mae: 2.907331/31 [==============================] - 0s 4ms/step - loss: 0.1941 - mae: 2.5655 - val_loss: 0.1477 - val_mae: 2.0481
Epoch 2/5
 1/31 [..............................] - ETA: 0s - loss: 0.1506 - mae: 1.884931/31 [==============================] - 0s 738us/step - loss: 0.1256 - mae: 1.7172 - val_loss: 0.1126 - val_mae: 1.5617
Epoch 3/5
 1/31 [..............................] - ETA: 0s - loss: 0.1162 - mae: 1.513831/31 [==============================] - 0s 690us/step - loss: 0.1010 - mae: 1.3845 - val_loss: 0.1016 - val_mae: 1.3887
Epoch 4/5
 1/31 [..............................] - ETA: 0s - loss: 0.0713 - mae: 0.867431/31 [==============================] - 0s 661us/step - loss: 0.0909 - mae: 1.2404 - val_loss: 0.0977 - val_mae: 1.3126
Epoch 5/5
 1/31 [..............................] - ETA: 0s - loss: 0.0946 - mae: 1.244931/31 [==============================] - 0s 637us/step - loss: 0.0862 - mae: 1.1756 - val_loss: 0.0935 - val_mae: 1.2581
1/9 [==>...........................] - ETA: 0s - loss: 0.0996 - mae: 1.20419/9 [==============================] - 0s 359us/step - loss: 0.0824 - mae: 1.0934
Mean Absolute Error on Test Set: 1.0933868885040283
1/9 [==>...........................] - ETA: 0s9/9 [==============================] - 0s 290us/step
 1/39 [..............................] - ETA: 0s39/39 [==============================] - 0s 246us/step
The testing err = 2.4606670812827303
