Epoch 1/5
 1/31 [..............................] - ETA: 3s - loss: 0.3138 - mae: 7.357431/31 [==============================] - 0s 5ms/step - loss: 0.2894 - mae: 7.0200 - val_loss: 0.2926 - val_mae: 7.2158
Epoch 2/5
 1/31 [..............................] - ETA: 0s - loss: 0.2424 - mae: 5.396331/31 [==============================] - 0s 692us/step - loss: 0.2552 - mae: 6.2205 - val_loss: 0.2550 - val_mae: 6.2905
Epoch 3/5
 1/31 [..............................] - ETA: 0s - loss: 0.2184 - mae: 4.996431/31 [==============================] - 0s 669us/step - loss: 0.2167 - mae: 5.2344 - val_loss: 0.2045 - val_mae: 4.9794
Epoch 4/5
 1/31 [..............................] - ETA: 0s - loss: 0.1990 - mae: 4.890431/31 [==============================] - 0s 631us/step - loss: 0.1640 - mae: 3.8271 - val_loss: 0.1392 - val_mae: 3.2067
Epoch 5/5
 1/31 [..............................] - ETA: 0s - loss: 0.1305 - mae: 2.878931/31 [==============================] - 0s 656us/step - loss: 0.1068 - mae: 2.2624 - val_loss: 0.1015 - val_mae: 2.1652
1/9 [==>...........................] - ETA: 0s - loss: 0.1029 - mae: 1.91369/9 [==============================] - 0s 320us/step - loss: 0.1073 - mae: 2.1232
Mean Absolute Error on Test Set: 2.1232264041900635
1/9 [==>...........................] - ETA: 0s9/9 [==============================] - 0s 299us/step
 1/39 [..............................] - ETA: 0s39/39 [==============================] - 0s 229us/step
The testing err = 0.2540945549091427
