Epoch 1/5
 1/31 [..............................] - ETA: 3s - loss: 0.9347 - mae: 11.851731/31 [==============================] - 0s 4ms/step - loss: 0.6903 - mae: 10.3983 - val_loss: 0.6693 - val_mae: 9.4503
Epoch 2/5
 1/31 [..............................] - ETA: 0s - loss: 0.5594 - mae: 10.114731/31 [==============================] - 0s 654us/step - loss: 0.6191 - mae: 9.1739 - val_loss: 0.5974 - val_mae: 8.2022
Epoch 3/5
 1/31 [..............................] - ETA: 0s - loss: 0.7185 - mae: 9.209531/31 [==============================] - 0s 628us/step - loss: 0.5559 - mae: 8.0398 - val_loss: 0.5466 - val_mae: 7.2742
Epoch 4/5
 1/31 [..............................] - ETA: 0s - loss: 0.5760 - mae: 8.302131/31 [==============================] - 0s 585us/step - loss: 0.5130 - mae: 7.2794 - val_loss: 0.5090 - val_mae: 6.6694
Epoch 5/5
 1/31 [..............................] - ETA: 0s - loss: 0.4337 - mae: 6.063131/31 [==============================] - 0s 611us/step - loss: 0.4693 - mae: 6.5842 - val_loss: 0.4681 - val_mae: 6.0071
1/9 [==>...........................] - ETA: 0s - loss: 0.4481 - mae: 6.27139/9 [==============================] - 0s 288us/step - loss: 0.4817 - mae: 6.8179
Mean Absolute Error on Test Set: 6.817874431610107
1/9 [==>...........................] - ETA: 0s9/9 [==============================] - 0s 233us/step
 1/39 [..............................] - ETA: 0s39/39 [==============================] - 0s 215us/step
The testing err = 0.9713588296309166
