Epoch 1/5
 1/31 [..............................] - ETA: 3s - loss: 2.9884 - mae: 22.539331/31 [==============================] - 0s 4ms/step - loss: 2.9498 - mae: 21.1286 - val_loss: 2.3687 - val_mae: 18.5034
Epoch 2/5
 1/31 [..............................] - ETA: 0s - loss: 2.8104 - mae: 20.634031/31 [==============================] - 0s 672us/step - loss: 2.8191 - mae: 20.0303 - val_loss: 2.2539 - val_mae: 17.4407
Epoch 3/5
 1/31 [..............................] - ETA: 0s - loss: 2.2431 - mae: 17.813031/31 [==============================] - 0s 638us/step - loss: 2.6753 - mae: 18.8084 - val_loss: 2.1209 - val_mae: 16.2267
Epoch 4/5
 1/31 [..............................] - ETA: 0s - loss: 2.3950 - mae: 18.189731/31 [==============================] - 0s 621us/step - loss: 2.4930 - mae: 17.2567 - val_loss: 1.9441 - val_mae: 14.6131
Epoch 5/5
 1/31 [..............................] - ETA: 0s - loss: 2.4243 - mae: 17.372631/31 [==============================] - 0s 651us/step - loss: 2.2573 - mae: 15.3301 - val_loss: 1.7227 - val_mae: 12.7090
1/9 [==>...........................] - ETA: 0s - loss: 2.1600 - mae: 14.09809/9 [==============================] - 0s 362us/step - loss: 2.3235 - mae: 15.1647
Mean Absolute Error on Test Set: 15.164691925048828
1/9 [==>...........................] - ETA: 0s9/9 [==============================] - 0s 261us/step
 1/39 [..............................] - ETA: 0s39/39 [==============================] - 0s 218us/step
The testing err = 20.903159256034698
