Epoch 1/5
 1/31 [..............................] - ETA: 3s - loss: 0.1293 - mae: 1.460631/31 [==============================] - 0s 5ms/step - loss: 0.1235 - mae: 1.4360 - val_loss: 0.1052 - val_mae: 1.1951
Epoch 2/5
 1/31 [..............................] - ETA: 0s - loss: 0.0948 - mae: 1.079231/31 [==============================] - 0s 1ms/step - loss: 0.0873 - mae: 1.0016 - val_loss: 0.0832 - val_mae: 0.9187
Epoch 3/5
 1/31 [..............................] - ETA: 0s - loss: 0.0860 - mae: 0.942031/31 [==============================] - 0s 1ms/step - loss: 0.0742 - mae: 0.8409 - val_loss: 0.0729 - val_mae: 0.8030
Epoch 4/5
 1/31 [..............................] - ETA: 0s - loss: 0.0594 - mae: 0.627931/31 [==============================] - 0s 755us/step - loss: 0.0670 - mae: 0.7619 - val_loss: 0.0664 - val_mae: 0.7353
Epoch 5/5
 1/31 [..............................] - ETA: 0s - loss: 0.0786 - mae: 0.913631/31 [==============================] - 0s 639us/step - loss: 0.0635 - mae: 0.7268 - val_loss: 0.0639 - val_mae: 0.7063
1/9 [==>...........................] - ETA: 0s - loss: 0.0480 - mae: 0.53419/9 [==============================] - 0s 325us/step - loss: 0.0644 - mae: 0.7231
Mean Absolute Error on Test Set: 0.723078727722168
1/9 [==>...........................] - ETA: 0s9/9 [==============================] - 0s 274us/step
 1/39 [..............................] - ETA: 0s39/39 [==============================] - 0s 226us/step
The testing err = 0.279608198976783
