Epoch 1/5
 1/31 [..............................] - ETA: 3s - loss: 0.1805 - mae: 2.673631/31 [==============================] - 0s 4ms/step - loss: 0.1836 - mae: 2.9298 - val_loss: 0.1621 - val_mae: 2.9032
Epoch 2/5
 1/31 [..............................] - ETA: 0s - loss: 0.1290 - mae: 2.435031/31 [==============================] - 0s 656us/step - loss: 0.1291 - mae: 2.1974 - val_loss: 0.1280 - val_mae: 2.3825
Epoch 3/5
 1/31 [..............................] - ETA: 0s - loss: 0.1247 - mae: 2.289531/31 [==============================] - 0s 638us/step - loss: 0.1092 - mae: 1.8981 - val_loss: 0.1171 - val_mae: 2.1926
Epoch 4/5
 1/31 [..............................] - ETA: 0s - loss: 0.1045 - mae: 1.597331/31 [==============================] - 0s 599us/step - loss: 0.0992 - mae: 1.7392 - val_loss: 0.1104 - val_mae: 2.0755
Epoch 5/5
 1/31 [..............................] - ETA: 0s - loss: 0.0902 - mae: 1.448031/31 [==============================] - 0s 583us/step - loss: 0.0930 - mae: 1.6392 - val_loss: 0.1045 - val_mae: 1.9418
1/9 [==>...........................] - ETA: 0s - loss: 0.0901 - mae: 1.49329/9 [==============================] - 0s 302us/step - loss: 0.0957 - mae: 1.6180
Mean Absolute Error on Test Set: 1.6180249452590942
1/9 [==>...........................] - ETA: 0s9/9 [==============================] - 0s 248us/step
 1/39 [..............................] - ETA: 0s39/39 [==============================] - 0s 208us/step
The testing err = 2.7203129456729984
