Epoch 1/5
 1/31 [..............................] - ETA: 3s - loss: 0.1380 - mae: 2.282131/31 [==============================] - 0s 4ms/step - loss: 0.1809 - mae: 3.5594 - val_loss: 0.1525 - val_mae: 2.9630
Epoch 2/5
 1/31 [..............................] - ETA: 0s - loss: 0.1549 - mae: 3.280531/31 [==============================] - 0s 698us/step - loss: 0.1338 - mae: 2.7220 - val_loss: 0.1094 - val_mae: 2.1184
Epoch 3/5
 1/31 [..............................] - ETA: 0s - loss: 0.1113 - mae: 2.282731/31 [==============================] - 0s 668us/step - loss: 0.0987 - mae: 2.0310 - val_loss: 0.0919 - val_mae: 1.7544
Epoch 4/5
 1/31 [..............................] - ETA: 0s - loss: 0.0792 - mae: 1.565731/31 [==============================] - 0s 634us/step - loss: 0.0887 - mae: 1.8432 - val_loss: 0.0829 - val_mae: 1.5899
Epoch 5/5
 1/31 [..............................] - ETA: 0s - loss: 0.0639 - mae: 0.967331/31 [==============================] - 0s 621us/step - loss: 0.0823 - mae: 1.7188 - val_loss: 0.0773 - val_mae: 1.4773
1/9 [==>...........................] - ETA: 0s - loss: 0.0669 - mae: 1.55349/9 [==============================] - 0s 307us/step - loss: 0.0885 - mae: 1.8853
Mean Absolute Error on Test Set: 1.8852744102478027
1/9 [==>...........................] - ETA: 0s9/9 [==============================] - 0s 253us/step
 1/39 [..............................] - ETA: 0s39/39 [==============================] - 0s 218us/step
The testing err = 0.9126378276112278
