Epoch 1/5
 1/31 [..............................] - ETA: 3s - loss: 0.2562 - mae: 4.657331/31 [==============================] - 0s 4ms/step - loss: 0.1704 - mae: 2.9560 - val_loss: 0.1438 - val_mae: 2.7640
Epoch 2/5
 1/31 [..............................] - ETA: 0s - loss: 0.1330 - mae: 2.334631/31 [==============================] - 0s 694us/step - loss: 0.1246 - mae: 2.2897 - val_loss: 0.1246 - val_mae: 2.4139
Epoch 3/5
 1/31 [..............................] - ETA: 0s - loss: 0.1242 - mae: 2.398831/31 [==============================] - 0s 632us/step - loss: 0.1091 - mae: 2.0238 - val_loss: 0.1152 - val_mae: 2.2338
Epoch 4/5
 1/31 [..............................] - ETA: 0s - loss: 0.1330 - mae: 2.863831/31 [==============================] - 0s 599us/step - loss: 0.0995 - mae: 1.8517 - val_loss: 0.1075 - val_mae: 2.0776
Epoch 5/5
 1/31 [..............................] - ETA: 0s - loss: 0.1105 - mae: 2.085631/31 [==============================] - 0s 616us/step - loss: 0.0916 - mae: 1.7087 - val_loss: 0.0992 - val_mae: 1.9128
1/9 [==>...........................] - ETA: 0s - loss: 0.1019 - mae: 2.10399/9 [==============================] - 0s 301us/step - loss: 0.0912 - mae: 1.7889
Mean Absolute Error on Test Set: 1.7888685464859009
1/9 [==>...........................] - ETA: 0s9/9 [==============================] - 0s 241us/step
 1/39 [..............................] - ETA: 0s39/39 [==============================] - 0s 214us/step
The testing err = 5.316377211923034
