Epoch 1/5
 1/31 [..............................] - ETA: 3s - loss: 0.2547 - mae: 5.010831/31 [==============================] - 0s 4ms/step - loss: 0.2153 - mae: 4.7137 - val_loss: 0.1650 - val_mae: 3.7711
Epoch 2/5
 1/31 [..............................] - ETA: 0s - loss: 0.1994 - mae: 4.559631/31 [==============================] - 0s 716us/step - loss: 0.1835 - mae: 4.2804 - val_loss: 0.1484 - val_mae: 3.5145
Epoch 3/5
 1/31 [..............................] - ETA: 0s - loss: 0.1876 - mae: 3.926731/31 [==============================] - 0s 679us/step - loss: 0.1725 - mae: 4.0761 - val_loss: 0.1406 - val_mae: 3.3448
Epoch 4/5
 1/31 [..............................] - ETA: 0s - loss: 0.2458 - mae: 5.681931/31 [==============================] - 0s 645us/step - loss: 0.1647 - mae: 3.9025 - val_loss: 0.1335 - val_mae: 3.1797
Epoch 5/5
 1/31 [..............................] - ETA: 0s - loss: 0.0900 - mae: 2.140731/31 [==============================] - 0s 622us/step - loss: 0.1590 - mae: 3.7522 - val_loss: 0.1278 - val_mae: 3.0312
1/9 [==>...........................] - ETA: 0s - loss: 0.2234 - mae: 5.73439/9 [==============================] - 0s 323us/step - loss: 0.1834 - mae: 4.3226
Mean Absolute Error on Test Set: 4.322579860687256
1/9 [==>...........................] - ETA: 0s9/9 [==============================] - 0s 344us/step
 1/39 [..............................] - ETA: 0s39/39 [==============================] - 0s 232us/step
The testing err = 2.0885463138887608
