Epoch 1/5
 1/31 [..............................] - ETA: 3s - loss: 0.3362 - mae: 7.803231/31 [==============================] - 0s 4ms/step - loss: 0.3148 - mae: 7.2154 - val_loss: 0.2854 - val_mae: 6.7499
Epoch 2/5
 1/31 [..............................] - ETA: 0s - loss: 0.2911 - mae: 7.005031/31 [==============================] - 0s 684us/step - loss: 0.2715 - mae: 6.3514 - val_loss: 0.2482 - val_mae: 5.8709
Epoch 3/5
 1/31 [..............................] - ETA: 0s - loss: 0.2632 - mae: 6.277731/31 [==============================] - 0s 658us/step - loss: 0.2294 - mae: 5.3647 - val_loss: 0.2017 - val_mae: 4.7453
Epoch 4/5
 1/31 [..............................] - ETA: 0s - loss: 0.1952 - mae: 4.315131/31 [==============================] - 0s 606us/step - loss: 0.1759 - mae: 4.0615 - val_loss: 0.1412 - val_mae: 3.2412
Epoch 5/5
 1/31 [..............................] - ETA: 0s - loss: 0.1461 - mae: 3.276831/31 [==============================] - 0s 612us/step - loss: 0.1063 - mae: 2.3318 - val_loss: 0.0677 - val_mae: 1.3909
1/9 [==>...........................] - ETA: 0s - loss: 0.0547 - mae: 1.23259/9 [==============================] - 0s 299us/step - loss: 0.0703 - mae: 1.4542
Mean Absolute Error on Test Set: 1.4542057514190674
1/9 [==>...........................] - ETA: 0s9/9 [==============================] - 0s 1ms/step
 1/39 [..............................] - ETA: 0s39/39 [==============================] - 0s 229us/step
The testing err = 4.666961605510979
