Epoch 1/5
 1/31 [..............................] - ETA: 3s - loss: 0.0993 - mae: 1.076131/31 [==============================] - 0s 4ms/step - loss: 0.1309 - mae: 2.1491 - val_loss: 0.0998 - val_mae: 1.5635
Epoch 2/5
 1/31 [..............................] - ETA: 0s - loss: 0.1397 - mae: 2.661931/31 [==============================] - 0s 684us/step - loss: 0.1099 - mae: 1.8860 - val_loss: 0.0876 - val_mae: 1.4094
Epoch 3/5
 1/31 [..............................] - ETA: 0s - loss: 0.1187 - mae: 2.216231/31 [==============================] - 0s 642us/step - loss: 0.0994 - mae: 1.7499 - val_loss: 0.0796 - val_mae: 1.3026
Epoch 4/5
 1/31 [..............................] - ETA: 0s - loss: 0.0853 - mae: 1.297031/31 [==============================] - 0s 590us/step - loss: 0.0930 - mae: 1.6573 - val_loss: 0.0747 - val_mae: 1.2342
Epoch 5/5
 1/31 [..............................] - ETA: 0s - loss: 0.0949 - mae: 1.485231/31 [==============================] - 0s 595us/step - loss: 0.0885 - mae: 1.5954 - val_loss: 0.0706 - val_mae: 1.1815
1/9 [==>...........................] - ETA: 0s - loss: 0.0899 - mae: 1.47419/9 [==============================] - 0s 280us/step - loss: 0.0888 - mae: 1.5554
Mean Absolute Error on Test Set: 1.55544114112854
1/9 [==>...........................] - ETA: 0s9/9 [==============================] - 0s 256us/step
 1/39 [..............................] - ETA: 0s39/39 [==============================] - 0s 212us/step
The testing err = 0.32713577772584723
