Epoch 1/5
 1/31 [..............................] - ETA: 3s - loss: 0.6818 - mae: 12.775431/31 [==============================] - 0s 5ms/step - loss: 0.5353 - mae: 10.8864 - val_loss: 0.5043 - val_mae: 10.1164
Epoch 2/5
 1/31 [..............................] - ETA: 0s - loss: 0.6474 - mae: 11.155531/31 [==============================] - 0s 751us/step - loss: 0.4846 - mae: 9.7402 - val_loss: 0.4546 - val_mae: 8.9627
Epoch 3/5
 1/31 [..............................] - ETA: 0s - loss: 0.3678 - mae: 8.221731/31 [==============================] - 0s 717us/step - loss: 0.4319 - mae: 8.5122 - val_loss: 0.3990 - val_mae: 7.6329
Epoch 4/5
 1/31 [..............................] - ETA: 0s - loss: 0.4212 - mae: 7.489531/31 [==============================] - 0s 672us/step - loss: 0.3689 - mae: 6.9953 - val_loss: 0.3257 - val_mae: 5.8552
Epoch 5/5
 1/31 [..............................] - ETA: 0s - loss: 0.2085 - mae: 4.964231/31 [==============================] - 0s 631us/step - loss: 0.2986 - mae: 5.3031 - val_loss: 0.2666 - val_mae: 4.4901
1/9 [==>...........................] - ETA: 0s - loss: 0.3309 - mae: 4.89559/9 [==============================] - 0s 318us/step - loss: 0.3031 - mae: 5.1161
Mean Absolute Error on Test Set: 5.1161322593688965
1/9 [==>...........................] - ETA: 0s9/9 [==============================] - 0s 265us/step
 1/39 [..............................] - ETA: 0s39/39 [==============================] - 0s 224us/step
The testing err = 5.98149889911623
