Epoch 1/5
 1/31 [..............................] - ETA: 3s - loss: 1.7218 - mae: 11.880831/31 [==============================] - 0s 4ms/step - loss: 1.6034 - mae: 10.6479 - val_loss: 1.8066 - val_mae: 11.5065
Epoch 2/5
 1/31 [..............................] - ETA: 0s - loss: 1.5460 - mae: 11.302031/31 [==============================] - 0s 653us/step - loss: 1.4784 - mae: 9.6228 - val_loss: 1.6566 - val_mae: 10.4412
Epoch 3/5
 1/31 [..............................] - ETA: 0s - loss: 2.0185 - mae: 12.821431/31 [==============================] - 0s 643us/step - loss: 1.3578 - mae: 8.8715 - val_loss: 1.5111 - val_mae: 9.7784
Epoch 4/5
 1/31 [..............................] - ETA: 0s - loss: 1.1794 - mae: 8.186831/31 [==============================] - 0s 613us/step - loss: 1.2277 - mae: 8.3970 - val_loss: 1.3211 - val_mae: 9.0325
Epoch 5/5
 1/31 [..............................] - ETA: 0s - loss: 0.9629 - mae: 7.203131/31 [==============================] - 0s 605us/step - loss: 1.0491 - mae: 7.7319 - val_loss: 1.0644 - val_mae: 8.0130
1/9 [==>...........................] - ETA: 0s - loss: 1.1232 - mae: 8.47449/9 [==============================] - 0s 308us/step - loss: 0.9976 - mae: 7.2692
Mean Absolute Error on Test Set: 7.269207000732422
1/9 [==>...........................] - ETA: 0s9/9 [==============================] - 0s 271us/step
 1/39 [..............................] - ETA: 0s39/39 [==============================] - 0s 236us/step
The testing err = 2.34865017375643
