Epoch 1/5
 1/31 [..............................] - ETA: 3s - loss: 0.3007 - mae: 7.818131/31 [==============================] - 0s 4ms/step - loss: 0.2941 - mae: 7.5284 - val_loss: 0.2753 - val_mae: 7.1554
Epoch 2/5
 1/31 [..............................] - ETA: 0s - loss: 0.3711 - mae: 9.231131/31 [==============================] - 0s 660us/step - loss: 0.2555 - mae: 6.5411 - val_loss: 0.2342 - val_mae: 6.0430
Epoch 3/5
 1/31 [..............................] - ETA: 0s - loss: 0.2648 - mae: 7.165231/31 [==============================] - 0s 646us/step - loss: 0.2113 - mae: 5.3411 - val_loss: 0.1818 - val_mae: 4.5779
Epoch 4/5
 1/31 [..............................] - ETA: 0s - loss: 0.1728 - mae: 4.239831/31 [==============================] - 0s 591us/step - loss: 0.1625 - mae: 3.9883 - val_loss: 0.1467 - val_mae: 3.5986
Epoch 5/5
 1/31 [..............................] - ETA: 0s - loss: 0.1776 - mae: 4.106631/31 [==============================] - 0s 593us/step - loss: 0.1446 - mae: 3.4872 - val_loss: 0.1323 - val_mae: 3.1916
1/9 [==>...........................] - ETA: 0s - loss: 0.1533 - mae: 3.61909/9 [==============================] - 0s 290us/step - loss: 0.1582 - mae: 3.8776
Mean Absolute Error on Test Set: 3.8775634765625
1/9 [==>...........................] - ETA: 0s9/9 [==============================] - 0s 241us/step
 1/39 [..............................] - ETA: 0s39/39 [==============================] - 0s 205us/step
The testing err = 0.7599329495694672
