Epoch 1/5
 1/31 [..............................] - ETA: 3s - loss: 0.4009 - mae: 9.938231/31 [==============================] - 0s 5ms/step - loss: 0.3817 - mae: 9.4292 - val_loss: 0.3541 - val_mae: 8.8268
Epoch 2/5
 1/31 [..............................] - ETA: 0s - loss: 0.3759 - mae: 9.408931/31 [==============================] - 0s 700us/step - loss: 0.3368 - mae: 8.3150 - val_loss: 0.3086 - val_mae: 7.6558
Epoch 3/5
 1/31 [..............................] - ETA: 0s - loss: 0.2818 - mae: 7.148031/31 [==============================] - 0s 639us/step - loss: 0.2846 - mae: 6.9928 - val_loss: 0.2507 - val_mae: 6.1235
Epoch 4/5
 1/31 [..............................] - ETA: 0s - loss: 0.2661 - mae: 6.969731/31 [==============================] - 0s 634us/step - loss: 0.2211 - mae: 5.3194 - val_loss: 0.1911 - val_mae: 4.5240
Epoch 5/5
 1/31 [..............................] - ETA: 0s - loss: 0.1788 - mae: 4.419931/31 [==============================] - 0s 617us/step - loss: 0.1705 - mae: 3.9805 - val_loss: 0.1564 - val_mae: 3.5892
1/9 [==>...........................] - ETA: 0s - loss: 0.1454 - mae: 3.31159/9 [==============================] - 0s 302us/step - loss: 0.1461 - mae: 3.3329
Mean Absolute Error on Test Set: 3.332876443862915
1/9 [==>...........................] - ETA: 0s9/9 [==============================] - 0s 248us/step
 1/39 [..............................] - ETA: 0s39/39 [==============================] - 0s 221us/step
The testing err = 3.0928175911056717
