Epoch 1/5
 1/31 [..............................] - ETA: 3s - loss: 0.2542 - mae: 5.521731/31 [==============================] - 0s 4ms/step - loss: 0.2770 - mae: 6.3320 - val_loss: 0.2640 - val_mae: 6.2185
Epoch 2/5
 1/31 [..............................] - ETA: 0s - loss: 0.2050 - mae: 4.660531/31 [==============================] - 0s 723us/step - loss: 0.2391 - mae: 5.5337 - val_loss: 0.2308 - val_mae: 5.4193
Epoch 3/5
 1/31 [..............................] - ETA: 0s - loss: 0.2097 - mae: 4.588531/31 [==============================] - 0s 685us/step - loss: 0.2056 - mae: 4.7027 - val_loss: 0.1927 - val_mae: 4.4352
Epoch 4/5
 1/31 [..............................] - ETA: 0s - loss: 0.1886 - mae: 4.233331/31 [==============================] - 0s 651us/step - loss: 0.1641 - mae: 3.6248 - val_loss: 0.1421 - val_mae: 3.0955
Epoch 5/5
 1/31 [..............................] - ETA: 0s - loss: 0.1397 - mae: 2.497731/31 [==============================] - 0s 639us/step - loss: 0.1131 - mae: 2.2627 - val_loss: 0.0970 - val_mae: 1.8775
1/9 [==>...........................] - ETA: 0s - loss: 0.0926 - mae: 1.80959/9 [==============================] - 0s 309us/step - loss: 0.0969 - mae: 1.7703
Mean Absolute Error on Test Set: 1.770266056060791
1/9 [==>...........................] - ETA: 0s9/9 [==============================] - 0s 254us/step
 1/39 [..............................] - ETA: 0s39/39 [==============================] - 0s 215us/step
The testing err = 3.247177482950935
