Epoch 1/5
 1/31 [..............................] - ETA: 3s - loss: 0.3902 - mae: 10.737531/31 [==============================] - 0s 5ms/step - loss: 0.3799 - mae: 10.4184 - val_loss: 0.3515 - val_mae: 9.7046
Epoch 2/5
 1/31 [..............................] - ETA: 0s - loss: 0.3793 - mae: 10.514431/31 [==============================] - 0s 714us/step - loss: 0.3217 - mae: 8.8427 - val_loss: 0.2877 - val_mae: 7.9744
Epoch 3/5
 1/31 [..............................] - ETA: 0s - loss: 0.3373 - mae: 9.348531/31 [==============================] - 0s 715us/step - loss: 0.2502 - mae: 6.9007 - val_loss: 0.2109 - val_mae: 5.8603
Epoch 4/5
 1/31 [..............................] - ETA: 0s - loss: 0.1777 - mae: 4.847031/31 [==============================] - 0s 659us/step - loss: 0.1705 - mae: 4.7033 - val_loss: 0.1327 - val_mae: 3.6674
Epoch 5/5
 1/31 [..............................] - ETA: 0s - loss: 0.1489 - mae: 4.079131/31 [==============================] - 0s 617us/step - loss: 0.1006 - mae: 2.7539 - val_loss: 0.0714 - val_mae: 1.9649
1/9 [==>...........................] - ETA: 0s - loss: 0.0654 - mae: 1.64589/9 [==============================] - 0s 304us/step - loss: 0.0741 - mae: 1.9845
Mean Absolute Error on Test Set: 1.9844970703125
1/9 [==>...........................] - ETA: 0s9/9 [==============================] - 0s 248us/step
 1/39 [..............................] - ETA: 0s39/39 [==============================] - 0s 207us/step
The testing err = 11.627464119142129
