Epoch 1/5
 1/31 [..............................] - ETA: 3s - loss: 0.3526 - mae: 7.958531/31 [==============================] - 0s 4ms/step - loss: 0.3133 - mae: 7.5449 - val_loss: 0.2925 - val_mae: 7.2843
Epoch 2/5
 1/31 [..............................] - ETA: 0s - loss: 0.3795 - mae: 9.084031/31 [==============================] - 0s 679us/step - loss: 0.2793 - mae: 6.8120 - val_loss: 0.2636 - val_mae: 6.5978
Epoch 3/5
 1/31 [..............................] - ETA: 0s - loss: 0.2843 - mae: 7.059231/31 [==============================] - 0s 632us/step - loss: 0.2509 - mae: 6.1307 - val_loss: 0.2367 - val_mae: 5.8972
Epoch 4/5
 1/31 [..............................] - ETA: 0s - loss: 0.2412 - mae: 5.897731/31 [==============================] - 0s 611us/step - loss: 0.2207 - mae: 5.3367 - val_loss: 0.2037 - val_mae: 4.9682
Epoch 5/5
 1/31 [..............................] - ETA: 0s - loss: 0.2094 - mae: 5.215731/31 [==============================] - 0s 594us/step - loss: 0.1840 - mae: 4.3363 - val_loss: 0.1664 - val_mae: 3.8422
1/9 [==>...........................] - ETA: 0s - loss: 0.1345 - mae: 3.32699/9 [==============================] - 0s 311us/step - loss: 0.1675 - mae: 3.8317
Mean Absolute Error on Test Set: 3.831684112548828
1/9 [==>...........................] - ETA: 0s9/9 [==============================] - 0s 240us/step
 1/39 [..............................] - ETA: 0s39/39 [==============================] - 0s 210us/step
The testing err = 4.031657238427544
