Epoch 1/5
 1/31 [..............................] - ETA: 3s - loss: 0.9001 - mae: 12.034231/31 [==============================] - 0s 4ms/step - loss: 0.9867 - mae: 12.5211 - val_loss: 0.8390 - val_mae: 11.7486
Epoch 2/5
 1/31 [..............................] - ETA: 0s - loss: 1.0644 - mae: 13.867031/31 [==============================] - 0s 683us/step - loss: 0.9103 - mae: 11.4468 - val_loss: 0.7653 - val_mae: 10.5747
Epoch 3/5
 1/31 [..............................] - ETA: 0s - loss: 0.5419 - mae: 11.036331/31 [==============================] - 0s 648us/step - loss: 0.8375 - mae: 10.3420 - val_loss: 0.6905 - val_mae: 9.3510
Epoch 4/5
 1/31 [..............................] - ETA: 0s - loss: 0.6980 - mae: 9.431031/31 [==============================] - 0s 602us/step - loss: 0.7636 - mae: 9.1850 - val_loss: 0.6129 - val_mae: 8.0391
Epoch 5/5
 1/31 [..............................] - ETA: 0s - loss: 1.0838 - mae: 11.447131/31 [==============================] - 0s 592us/step - loss: 0.6862 - mae: 7.9568 - val_loss: 0.5376 - val_mae: 6.7015
1/9 [==>...........................] - ETA: 0s - loss: 0.5751 - mae: 7.03499/9 [==============================] - 0s 317us/step - loss: 0.6100 - mae: 7.1608
Mean Absolute Error on Test Set: 7.160792350769043
1/9 [==>...........................] - ETA: 0s9/9 [==============================] - 0s 250us/step
 1/39 [..............................] - ETA: 0s39/39 [==============================] - 0s 210us/step
The testing err = 2.4466437224194952
